
mysql> show tables;
+-------------------+
| Tables_in_casbin6 |
+-------------------+
| admin_user        |
| casbin_rule       |
| dep               |
| dep_admin         |
| menu              |
| menu_meta         |
| role_menu         |
+-------------------+
7 rows in set (0.01 sec)
mysql>

mysql> select * from admin_user;
+-----+----------+--------------------------+--------+--------+--------------+------+-------------+----------+----------+---------------------+---------------------+-------+
| id  | username | password                 | gender | enable | name         | age  | phone       | email    | userface | create_time         | update_time         | label |
+-----+----------+--------------------------+--------+--------+--------------+------+-------------+----------+----------+---------------------+---------------------+-------+
|  76 | yhm1     | x04jpoIrc8/mvNRqAG59Wg== |      2 |      1 | 1            |    0 |             |          |          | 2019-01-14 11:54:11 | NULL                | NULL  |
|  90 | root     | x04jpoIrc8/mvNRqAG59Wg== |      2 |      1 | 超级用户     |    0 | 17830895301 |          |          | 2019-01-16 10:42:34 | 2020-02-06 13:14:50 | NULL  |
|  92 | zhuangzi | x04jpoIrc8/mvNRqAG59Wg== |      0 |      1 | 庄子         |   18 | 3213123     | qq.com   |          | 2019-01-18 10:08:12 | 2020-02-05 05:14:14 | NULL  |
| 104 | mozi     | CBpaVgtlw7hA/zD1hFbcdw== |      2 |      0 | 墨子         |    0 | 1250        | 98089089 |          | 2019-01-18 11:58:53 | 2020-02-06 10:47:42 | NULL  |
| 146 | 123      | CBpaVgtlw7hA/zD1hFbcdw== |      2 |      0 | 123          |  123 | 123         |          |          | 2020-02-06 10:48:25 | 2020-02-09 08:18:48 |       |
+-----+----------+--------------------------+--------+--------+--------------+------+-------------+----------+----------+---------------------+---------------------+-------+
5 rows in set (0.00 sec)
mysql>


mysql> select * from casbin_rule;
+-----+--------+-------+-------+--------------------+---------------------+------+--------------------+
| id  | p_type | v0    | v1    | v2                 | v3                  | v4   | v5                 |
+-----+--------+-------+-------+--------------------+---------------------+------+--------------------+
|  62 | g      | 90    | admin | a                  |                     |      | 系统管理员         |
|  63 | p      | admin | a     | /api/admin/user*   | GET|POST|PUT|DELETE | .*   | admin-用户权限     |
|  64 | p      | admin | a     | /api/admin/menu*   | GET|POST|PUT|DELETE | .*   | admin-菜单权限     |
|  65 | p      | admin | a     | /api/admin/role*   | GET|POST|PUT|DELETE | .*   | admin-角色权限     |
|  66 | p      | admin | a     | /api/admin/policy* | GET|POST|PUT|DELETE | .*   | admin-权限模块     |
|  75 | p      | demo  | a     | /api/admin/demo*   | GET|POST|PUT|DELETE | .*   | demo-测试权限      |
| 168 | g      | 104   | admin | a                  |                     |      | 系统管理员         |
| 176 | g      |       | akka  | a                  |                     |      | akka               |
| 179 | g      | 90    | demo  | a                  |                     |      | 测试员             |
| 181 | p      | akka  | a     | /api/admin/user*   | GET|POST            | .*   | akka-用户权限      |
| 184 | g      | 146   | demo  | a                  |                     |      | 测试员             |
+-----+--------+-------+-------+--------------------+---------------------+------+--------------------+
11 rows in set (0.01 sec)
mysql>


mysql> select * from dep;
+----+--------------+---------------+-------------+------------------+----------+-----------+-----------------------------------------------------------------------------------------------------------------------------------------------------------------+---------------------+---------------------+
| id | dep_name     | leader        | phone       | email            | disabled | parent_id | dep_desc                                                                                                                                                        | create_time         | update_time         |
+----+--------------+---------------+-------------+------------------+----------+-----------+-----------------------------------------------------------------------------------------------------------------------------------------------------------------+---------------------+---------------------+
|  1 | 稷下之学     | 荀子          | 17830895300 | 614143260@qq.com |        0 |         0 |                                                                                                                                                                 | 2019-03-27 15:19:39 | 2019-04-24 17:13:59 |
|  2 | 儒家         | 孔子          | 1000        | laozi@163.com    |        0 |         1 | 崇尚"礼乐"和"仁义"，主张"德治"和"仁政"，教育了很多人为人处世所遵循的准则规范。                                                                                  | 2019-04-04 17:13:43 | 2019-04-24 17:13:59 |
|  3 | 道家         | 老子          | 1001        | laozi@163.com    |        0 |         1 | 天道运行的原理。天道轮回各种哲学上的思想都能在道家找到答案。世界上很多发生的事情都有其规律，人力不可更改。                                                      | 2019-04-30 17:13:45 | 2019-04-24 17:13:59 |
|  4 | 法家         | 李斯          | 1002        | lisi@163.com     |        0 |         1 | 依法治国，天子犯法与庶民同罪。法律视为一种有利于社会统治的强制性工具，体现法制建设的思想，一直被沿用至今。                                                      | 2019-04-16 17:13:49 | 2019-04-24 17:13:59 |
|  5 | 墨家         | 墨子          | 1003        | mozi@163.com     |        0 |         1 | 兼爱非攻，反对强大的王国去攻击弱小的王国，在思想上尊天事鬼，一切以保持社会现状的稳定为主。                                                                      | 2019-04-10 17:13:52 | 2019-04-24 17:13:59 |
|  6 | 名家         | 公孙龙        | 1004        | gongsl@163.com   |        0 |         1 | 以辩论出名，著名的白马非马也是名家的思想。以逻辑推理来证明事物的好与坏、真实与否。                                                                              | 2019-04-09 17:13:55 | 2019-04-24 17:13:59 |
|  7 | 阴阳家       | 邹衍          | 1005        | zhouyan@163.com  |        0 |         1 | 五行学说，从天文和地理方面来判断事物的凶吉。                                                                                                                    | 2019-04-24 17:13:59 | 2019-04-24 17:13:59 |
|  8 | 纵横家       | 苏秦|张仪     | 1006        | sz@163.com       |        0 |         1 | 合纵连横，捭阖之术，阴阳之变化也。                                                                                                                              | 2019-04-24 17:13:59 | 2019-04-24 17:13:59 |
|  9 | 农家         | 许行          | 1007        | xuxing@163.com   |        0 |         1 | 注重生产，研究植物生长和产出的学派。                                                                                                                            | 2019-04-24 17:13:59 | 2019-04-24 17:13:59 |
| 10 | 兵家         | 孙膑          | 1008        | sunbing@163.com  |        0 |         1 | 讲究利用武力，最大化的夺取敌方的利益从而赢得战争的胜利。                                                                                                        | 2019-04-24 17:13:59 | 2019-04-24 17:13:59 |
| 11 | 医家         | 扁鹊          | 1009        | bianque@163.com  |        0 |         1 | 医者仁心                                                                                                                                                        | 2019-04-24 17:13:59 | 2019-04-24 17:13:59 |
| 12 | 礼乐         | 孟子          | 1010        | mengzi@163.com   |        0 |         2 |                                                                                                                                                                 | 2019-04-24 17:13:59 | 2019-04-24 17:13:59 |
| 13 | 武当         | 张三丰        | 1011        | zsf@163.com      |        0 |         3 |                                                                                                                                                                 | 2019-04-24 17:13:59 | 2019-04-24 17:13:59 |
| 14 | 庄子游       | 庄子          | 1012        | zz@163.com       |        0 |         3 |                                                                                                                                                                 | 2019-04-24 17:13:59 | 2019-04-24 17:13:59 |
+----+--------------+---------------+-------------+------------------+----------+-----------+-----------------------------------------------------------------------------------------------------------------------------------------------------------------+---------------------+---------------------+
14 rows in set (0.00 sec)
mysql>


mysql> select * from dep_admin;
Empty set (0.03 sec)
mysql>


mysql> select * from menu;
+----+--------------------+--------------------+-------------------------+----------------+------+---------+-----------+--------+---------------------+---------------------+
| id | path               | name               | modular                 | component      | sort | meta_id | parent_id | is_sub | create_time         | update_time         |
+----+--------------------+--------------------+-------------------------+----------------+------+---------+-----------+--------+---------------------+---------------------+
|  1 | sys_mgr            | sys_mgr            |                         |                |    1 |       1 |      NULL |      0 | NULL                | NULL                |
|  2 | user               | user               | /admin/user             | /user          |    3 |       2 |         1 |      1 | NULL                | NULL                |
|  3 | role               | role               | /admin/role             | /role          |    2 |       3 |         1 |      1 | NULL                | NULL                |
|  4 | menu               | menu               | /admin/menu             | /menu          |    1 |       4 |         1 |      1 | NULL                | NULL                |
|  5 | dep                | dep                | /admin/dep              | /dep           |    0 |       5 |         1 |      1 | NULL                | NULL                |
|  6 | policy             | policy             | /admin/policy           | /policy        |    4 |      26 |         1 |      1 | 2020-02-04 18:13:23 | 2020-02-09 12:55:27 |
| 10 | doc                | doc                |                         |                |    2 |       6 |         0 |      0 | 0000-00-00 00:00:00 | 2020-02-10 02:13:49 |
| 15 | components         | components         |                         |                |    3 |       7 |      NULL |      0 | NULL                | NULL                |
| 16 | tree_select_page   | tree_select_page   | /components/tree-select | /index         |    0 |       8 |        15 |      1 | NULL                | NULL                |
| 17 | count_to_page      | count_to_page      | /components/count-to    | /count-to      |    0 |       9 |        15 |      1 | NULL                | NULL                |
| 18 | drag_list_page     | drag_list_page     | /components/drag-list   | /drag-list     |    0 |      10 |        15 |      1 | NULL                | NULL                |
| 19 | drag_drawer_page   | drag_drawer_page   | /components/drag-drawer | /index         |    0 |      11 |        15 |      1 | NULL                | NULL                |
| 20 | org_tree_page      | org_tree_page      | /components/org-tree    | /index         |    0 |      12 |        15 |      1 | NULL                | 2020-02-03 05:18:26 |
| 21 | tree_table_page    | tree_table_page    | /components/tree-table  | /index         |    0 |      13 |        15 |      1 | NULL                | NULL                |
| 22 | cropper_page       | cropper_page       | /components/cropper     | /cropper       |    0 |      14 |        15 |      1 | NULL                | NULL                |
| 23 | tables_page        | tables_page        | /components/tables      | /tables        |    0 |      15 |        15 |      1 | NULL                | NULL                |
| 24 | split_pane_page    | split_pane_page    | /components/split-pane  | /split-pane    |    0 |      16 |        15 |      1 | NULL                | NULL                |
| 25 | markdown_page      | markdown_page      | /components/markdown    | /markdown      |    0 |      17 |        15 |      1 | NULL                | NULL                |
| 26 | editor_page        | editor_page        | /components/editor      | /editor        |    0 |      18 |        15 |      1 | NULL                | NULL                |
| 27 | icons_page         | icons_page         | /components/icons       | /icons         |    0 |      19 |        15 |      1 | NULL                | NULL                |
| 28 | update             | update             |                         |                |    3 |      20 |      NULL |      0 | NULL                | NULL                |
| 29 | update_table_page  | update_table_page  | /update                 | /update-table  |    0 |      21 |        28 |      1 | NULL                | NULL                |
| 30 | update_paste_page  | update_paste_page  | /update                 | /update-paste  |    0 |      22 |        28 |      1 | NULL                | NULL                |
| 31 | excel              | excel              |                         |                |    4 |      23 |      NULL |      0 | NULL                | NULL                |
| 32 | upload-excel       | upload-excel       | /excel                  | /upload-excel  |    0 |      24 |        31 |      1 | NULL                | NULL                |
| 33 | export-excel       | export-excel       | /excel                  | /export-excel  |    0 |      25 |        31 |      1 | NULL                | NULL                |
| 34 | tools_methods      | tools_methods      |                         |                |    5 |    NULL |      NULL |      0 | NULL                | NULL                |
| 35 | tools_methods_page | tools_methods_page | /tools-methods          | /tools-methods |    0 |    NULL |        34 |      1 | NULL                | NULL                |
| 36 | i18n               | i18n               |                         |                |    6 |    NULL |      NULL |      0 | NULL                | NULL                |
| 37 | i18n_page          | i18n_page          | /i18n                   | /i18n-page     |    0 |    NULL |        36 |      1 | NULL                | NULL                |
| 38 | error_store        | error_store        |                         |                |    7 |    NULL |      NULL |      0 | NULL                | NULL                |
| 39 | error_store_page   | error_store_page   | /error-store            | /error-store   |    0 |    NULL |        38 |      1 | NULL                | NULL                |
| 40 | error_logger       | error_logger       |                         |                |    8 |    NULL |      NULL |      0 | NULL                | NULL                |
| 41 | error_logger_page  | error_logger_page  | /single-page            | /error-logger  |    0 |    NULL |        40 |      1 | NULL                | NULL                |
| 42 | directive          | directive          |                         |                |    9 |    NULL |      NULL |      0 | NULL                | NULL                |
| 43 | directive_page     | directive_page     | /directive              | /directive     |    0 |    NULL |        42 |      1 | NULL                | NULL                |
| 47 | 401                | error_401          | /error-page             | /401           |   10 |    NULL |      NULL |      0 | NULL                | NULL                |
| 48 | 500                | error_500          | /error-page             | /500           |   11 |    NULL |      NULL |      0 | NULL                | NULL                |
| 49 | *                  | error_404          | /error-page             | /404           |   12 |    NULL |      NULL |      0 | NULL                | NULL                |
| 50 | ws-demo            | ws测试             | /ws-demo                | /index         |    8 |      27 |         1 |      1 | 0000-00-00 00:00:00 | 2020-02-19 04:34:15 |
+----+--------------------+--------------------+-------------------------+----------------+------+---------+-----------+--------+---------------------+---------------------+
40 rows in set (0.00 sec)
mysql>


mysql> select * from menu_meta;
+----+-----------------------+---------------+--------------+-------------+-----------+--------+--------------------------+-------------------+----------------------------------------------+
| id | title                 | hide_in_bread | hide_in_menu | show_always | not_cache | access | icon                     | before_close_name | href                                         |
+----+-----------------------+---------------+--------------+-------------+-----------+--------+--------------------------+-------------------+----------------------------------------------+
|  1 | 系统管理              |             0 |            0 |           0 |         0 | NULL   | md-settings              |                   |                                              |
|  2 | 用户管理              |             0 |            0 |           0 |         0 | NULL   | md-person                |                   |                                              |
|  3 | 角色管理              |             0 |            0 |           0 |         0 | NULL   | ios-infinite             |                   |                                              |
|  4 | 菜单管理              |             0 |            0 |           0 |         0 | NULL   | md-flower                |                   |                                              |
|  5 | 部门管理              |             0 |            0 |           0 |         0 | NULL   | ios-infinite             |                   |                                              |
|  6 | 文档                  |             0 |            0 |           0 |         0 |        | ios-book                 |                   | https://lison16.github.io/iview-admin-doc/#/ |
|  7 | 组件                  |             0 |            0 |           0 |         0 | NULL   | logo-buffer              |                   |                                              |
|  8 | 树状下拉选择器        |             0 |            0 |           0 |         0 | NULL   | md-arrow-dropdown-circle |                   |                                              |
|  9 | 数字渐变              |             0 |            0 |           0 |         0 | NULL   | md-trending-up           |                   |                                              |
| 10 | 拖拽列表              |             0 |            0 |           0 |         0 | NULL   | ios-infinite             |                   |                                              |
| 11 | 可拖拽抽屉            |             0 |            0 |           0 |         0 | NULL   | md-list                  |                   |                                              |
| 12 | 组织结构树            |             0 |            0 |           0 |         0 |        | ios-appstore             |                   |                                              |
| 13 | 树状表格              |             0 |            0 |           0 |         0 | NULL   | md-git-branch            |                   |                                              |
| 14 | 图片裁剪              |             0 |            0 |           0 |         0 | NULL   | md-crop                  |                   |                                              |
| 15 | 多功能表格            |             0 |            0 |           0 |         0 | NULL   | md-grid                  |                   |                                              |
| 16 | 分割窗口              |             0 |            0 |           0 |         0 | NULL   | md-pause                 |                   |                                              |
| 17 | Markdown编辑器        |             0 |            0 |           0 |         0 | NULL   | logo-markdown            |                   |                                              |
| 18 | 富文本编辑器          |             0 |            0 |           0 |         0 | NULL   | ios-create               |                   |                                              |
| 19 | 自定义图标            |             0 |            0 |           0 |         0 | NULL   | ios-create               |                   |                                              |
| 20 | 数据上传              |             0 |            0 |           1 |         0 | NULL   | md-cloud-upload          |                   |                                              |
| 21 | 上传Csv               |             0 |            0 |           0 |         0 | NULL   | ios-document             |                   |                                              |
| 22 | 粘贴表格数据          |             0 |            0 |           0 |         0 | NULL   | md-clipboard             |                   |                                              |
| 23 | EXCEL导入导出         |             0 |            0 |           0 |         0 | NULL   | md-download              |                   |                                              |
| 24 | 导入EXCEL             |             0 |            0 |           0 |         0 | NULL   | md-add                   |                   |                                              |
| 25 | 导出EXCEL             |             0 |            0 |           0 |         0 | NULL   | md-download              |                   |                                              |
| 26 | 权限管理              |             0 |            0 |           0 |         0 |        | ios-infinite             |                   |                                              |
| 27 | ws测试                |             0 |            0 |           0 |         0 |        | logo-android             |                   |                                              |
+----+-----------------------+---------------+--------------+-------------+-----------+--------+--------------------------+-------------------+----------------------------------------------+
27 rows in set (0.01 sec)
mysql>


mysql> select * from role_menu;
+----------+-----+
| role_key | mid |
+----------+-----+
| admin    |   2 |
| admin    |   3 |
| admin    |   6 |
| demo     |  16 |
| demo     |  22 |
| akka     |  21 |
| akka     |  22 |
| akka     |   2 |
| akka     |   6 |
| admin    |   4 |
| admin    |  10 |
| admin    |  50 |
+----------+-----+
12 rows in set (0.01 sec)
mysql>
